Archive member included because of file (symbol)

c:/users/20100/downloads/atmel setup_mtgesh gmbo/extensions/atmel/avrgcc/3.4.1.95/avrtoolchain/bin/../lib/gcc/avr/4.6.2/avr5\libgcc.a(_udivmodqi4.o)
                              Electronic voting machine.o (__udivmodqi4)
c:/users/20100/downloads/atmel setup_mtgesh gmbo/extensions/atmel/avrgcc/3.4.1.95/avrtoolchain/bin/../lib/gcc/avr/4.6.2/avr5\libgcc.a(_exit.o)
                              c:/users/20100/downloads/atmel setup_mtgesh gmbo/extensions/atmel/avrgcc/3.4.1.95/avrtoolchain/bin/../lib/gcc/avr/4.6.2/../../../../avr/lib/avr5/crtm32.o (exit)
c:/users/20100/downloads/atmel setup_mtgesh gmbo/extensions/atmel/avrgcc/3.4.1.95/avrtoolchain/bin/../lib/gcc/avr/4.6.2/avr5\libgcc.a(_copy_data.o)
                              DIO.o (__do_copy_data)
c:/users/20100/downloads/atmel setup_mtgesh gmbo/extensions/atmel/avrgcc/3.4.1.95/avrtoolchain/bin/../lib/gcc/avr/4.6.2/avr5\libgcc.a(_clear_bss.o)
                              DIO.o (__do_clear_bss)

Memory Configuration

Name             Origin             Length             Attributes
text             0x00000000         0x00020000         xr
data             0x00800060         0x0000ffa0         rw !x
eeprom           0x00810000         0x00010000         rw !x
fuse             0x00820000         0x00000400         rw !x
lock             0x00830000         0x00000400         rw !x
signature        0x00840000         0x00000400         rw !x
*default*        0x00000000         0xffffffff

Linker script and memory map

LOAD c:/users/20100/downloads/atmel setup_mtgesh gmbo/extensions/atmel/avrgcc/3.4.1.95/avrtoolchain/bin/../lib/gcc/avr/4.6.2/../../../../avr/lib/avr5/crtm32.o
LOAD DIO.o
LOAD Electronic voting machine.o
LOAD LCD.o
LOAD push_button.o
START GROUP
LOAD c:/users/20100/downloads/atmel setup_mtgesh gmbo/extensions/atmel/avrgcc/3.4.1.95/avrtoolchain/bin/../lib/gcc/avr/4.6.2/../../../../avr/lib/avr5\libm.a
END GROUP
LOAD c:/users/20100/downloads/atmel setup_mtgesh gmbo/extensions/atmel/avrgcc/3.4.1.95/avrtoolchain/bin/../lib/gcc/avr/4.6.2/avr5\libgcc.a
LOAD c:/users/20100/downloads/atmel setup_mtgesh gmbo/extensions/atmel/avrgcc/3.4.1.95/avrtoolchain/bin/../lib/gcc/avr/4.6.2/../../../../avr/lib/avr5\libc.a
LOAD c:/users/20100/downloads/atmel setup_mtgesh gmbo/extensions/atmel/avrgcc/3.4.1.95/avrtoolchain/bin/../lib/gcc/avr/4.6.2/avr5\libgcc.a

.hash
 *(.hash)

.dynsym
 *(.dynsym)

.dynstr
 *(.dynstr)

.gnu.version
 *(.gnu.version)

.gnu.version_d
 *(.gnu.version_d)

.gnu.version_r
 *(.gnu.version_r)

.rel.init
 *(.rel.init)

.rela.init
 *(.rela.init)

.rel.text
 *(.rel.text)
 *(.rel.text.*)
 *(.rel.gnu.linkonce.t*)

.rela.text
 *(.rela.text)
 *(.rela.text.*)
 *(.rela.gnu.linkonce.t*)

.rel.fini
 *(.rel.fini)

.rela.fini
 *(.rela.fini)

.rel.rodata
 *(.rel.rodata)
 *(.rel.rodata.*)
 *(.rel.gnu.linkonce.r*)

.rela.rodata
 *(.rela.rodata)
 *(.rela.rodata.*)
 *(.rela.gnu.linkonce.r*)

.rel.data
 *(.rel.data)
 *(.rel.data.*)
 *(.rel.gnu.linkonce.d*)

.rela.data
 *(.rela.data)
 *(.rela.data.*)
 *(.rela.gnu.linkonce.d*)

.rel.ctors
 *(.rel.ctors)

.rela.ctors
 *(.rela.ctors)

.rel.dtors
 *(.rel.dtors)

.rela.dtors
 *(.rela.dtors)

.rel.got
 *(.rel.got)

.rela.got
 *(.rela.got)

.rel.bss
 *(.rel.bss)

.rela.bss
 *(.rela.bss)

.rel.plt
 *(.rel.plt)

.rela.plt
 *(.rela.plt)

.text           0x00000000      0xa08
 *(.vectors)
 .vectors       0x00000000       0x54 c:/users/20100/downloads/atmel setup_mtgesh gmbo/extensions/atmel/avrgcc/3.4.1.95/avrtoolchain/bin/../lib/gcc/avr/4.6.2/../../../../avr/lib/avr5/crtm32.o
                0x00000000                __vector_default
                0x00000000                __vectors
 *(.vectors)
 *(.progmem.gcc*)
 *(.progmem*)
                0x00000054                . = ALIGN (0x2)
                0x00000054                __trampolines_start = .
 *(.trampolines)
 .trampolines   0x00000054        0x0 linker stubs
 *(.trampolines*)
                0x00000054                __trampolines_end = .
 *(.jumptables)
 *(.jumptables*)
 *(.lowtext)
 *(.lowtext*)
                0x00000054                __ctors_start = .
 *(.ctors)
                0x00000054                __ctors_end = .
                0x00000054                __dtors_start = .
 *(.dtors)
                0x00000054                __dtors_end = .
 SORT(*)(.ctors)
 SORT(*)(.dtors)
 *(.init0)
 .init0         0x00000054        0x0 c:/users/20100/downloads/atmel setup_mtgesh gmbo/extensions/atmel/avrgcc/3.4.1.95/avrtoolchain/bin/../lib/gcc/avr/4.6.2/../../../../avr/lib/avr5/crtm32.o
                0x00000054                __init
 *(.init0)
 *(.init1)
 *(.init1)
 *(.init2)
 .init2         0x00000054        0xc c:/users/20100/downloads/atmel setup_mtgesh gmbo/extensions/atmel/avrgcc/3.4.1.95/avrtoolchain/bin/../lib/gcc/avr/4.6.2/../../../../avr/lib/avr5/crtm32.o
 *(.init2)
 *(.init3)
 *(.init3)
 *(.init4)
 .init4         0x00000060       0x16 c:/users/20100/downloads/atmel setup_mtgesh gmbo/extensions/atmel/avrgcc/3.4.1.95/avrtoolchain/bin/../lib/gcc/avr/4.6.2/avr5\libgcc.a(_copy_data.o)
                0x00000060                __do_copy_data
 .init4         0x00000076       0x10 c:/users/20100/downloads/atmel setup_mtgesh gmbo/extensions/atmel/avrgcc/3.4.1.95/avrtoolchain/bin/../lib/gcc/avr/4.6.2/avr5\libgcc.a(_clear_bss.o)
                0x00000076                __do_clear_bss
 *(.init4)
 *(.init5)
 *(.init5)
 *(.init6)
 *(.init6)
 *(.init7)
 *(.init7)
 *(.init8)
 *(.init8)
 *(.init9)
 .init9         0x00000086        0x8 c:/users/20100/downloads/atmel setup_mtgesh gmbo/extensions/atmel/avrgcc/3.4.1.95/avrtoolchain/bin/../lib/gcc/avr/4.6.2/../../../../avr/lib/avr5/crtm32.o
 *(.init9)
 *(.text)
 .text          0x0000008e        0x4 c:/users/20100/downloads/atmel setup_mtgesh gmbo/extensions/atmel/avrgcc/3.4.1.95/avrtoolchain/bin/../lib/gcc/avr/4.6.2/../../../../avr/lib/avr5/crtm32.o
                0x0000008e                __vector_1
                0x0000008e                __vector_12
                0x0000008e                __bad_interrupt
                0x0000008e                __vector_6
                0x0000008e                __vector_3
                0x0000008e                __vector_11
                0x0000008e                __vector_13
                0x0000008e                __vector_17
                0x0000008e                __vector_19
                0x0000008e                __vector_7
                0x0000008e                __vector_5
                0x0000008e                __vector_4
                0x0000008e                __vector_9
                0x0000008e                __vector_2
                0x0000008e                __vector_15
                0x0000008e                __vector_8
                0x0000008e                __vector_14
                0x0000008e                __vector_10
                0x0000008e                __vector_16
                0x0000008e                __vector_18
                0x0000008e                __vector_20
 .text          0x00000092      0x50c DIO.o
                0x00000092                DIO_vsetPINDir
                0x000001b4                DIO_write
                0x000002d6                DIO_u8read
                0x000003a0                DIO_toggle
                0x0000043a                DIO_set_port_direction
                0x00000478                DIO_write_port
                0x000004b6                DIO_read_port
                0x000004f8                write_low_nibble
                0x0000054a                write_high_nibble
 .text          0x0000059e      0x298 Electronic voting machine.o
                0x0000059e                main
 .text          0x00000836      0x19e LCD.o
                0x00000864                LCD_vSend_cmd
                0x0000087c                LCD_vInt
                0x00000950                LCD_vSend_char
                0x00000968                LCD_vSend_String
                0x00000986                LCD_vClearScreen
                0x0000099a                LCD_vMove_Cursor
 .text          0x000009d4       0x18 push_button.o
                0x000009d4                button_vInt
                0x000009e2                button_u8read
 .text          0x000009ec        0x0 c:/users/20100/downloads/atmel setup_mtgesh gmbo/extensions/atmel/avrgcc/3.4.1.95/avrtoolchain/bin/../lib/gcc/avr/4.6.2/avr5\libgcc.a(_udivmodqi4.o)
 .text          0x000009ec        0x0 c:/users/20100/downloads/atmel setup_mtgesh gmbo/extensions/atmel/avrgcc/3.4.1.95/avrtoolchain/bin/../lib/gcc/avr/4.6.2/avr5\libgcc.a(_exit.o)
 .text          0x000009ec        0x0 c:/users/20100/downloads/atmel setup_mtgesh gmbo/extensions/atmel/avrgcc/3.4.1.95/avrtoolchain/bin/../lib/gcc/avr/4.6.2/avr5\libgcc.a(_copy_data.o)
 .text          0x000009ec        0x0 c:/users/20100/downloads/atmel setup_mtgesh gmbo/extensions/atmel/avrgcc/3.4.1.95/avrtoolchain/bin/../lib/gcc/avr/4.6.2/avr5\libgcc.a(_clear_bss.o)
                0x000009ec                . = ALIGN (0x2)
 *(.text.*)
 .text.libgcc   0x000009ec       0x18 c:/users/20100/downloads/atmel setup_mtgesh gmbo/extensions/atmel/avrgcc/3.4.1.95/avrtoolchain/bin/../lib/gcc/avr/4.6.2/avr5\libgcc.a(_udivmodqi4.o)
                0x000009ec                __udivmodqi4
 .text.libgcc   0x00000a04        0x0 c:/users/20100/downloads/atmel setup_mtgesh gmbo/extensions/atmel/avrgcc/3.4.1.95/avrtoolchain/bin/../lib/gcc/avr/4.6.2/avr5\libgcc.a(_exit.o)
 .text.libgcc   0x00000a04        0x0 c:/users/20100/downloads/atmel setup_mtgesh gmbo/extensions/atmel/avrgcc/3.4.1.95/avrtoolchain/bin/../lib/gcc/avr/4.6.2/avr5\libgcc.a(_copy_data.o)
 .text.libgcc   0x00000a04        0x0 c:/users/20100/downloads/atmel setup_mtgesh gmbo/extensions/atmel/avrgcc/3.4.1.95/avrtoolchain/bin/../lib/gcc/avr/4.6.2/avr5\libgcc.a(_clear_bss.o)
                0x00000a04                . = ALIGN (0x2)
 *(.fini9)
 .fini9         0x00000a04        0x0 c:/users/20100/downloads/atmel setup_mtgesh gmbo/extensions/atmel/avrgcc/3.4.1.95/avrtoolchain/bin/../lib/gcc/avr/4.6.2/avr5\libgcc.a(_exit.o)
                0x00000a04                _exit
                0x00000a04                exit
 *(.fini9)
 *(.fini8)
 *(.fini8)
 *(.fini7)
 *(.fini7)
 *(.fini6)
 *(.fini6)
 *(.fini5)
 *(.fini5)
 *(.fini4)
 *(.fini4)
 *(.fini3)
 *(.fini3)
 *(.fini2)
 *(.fini2)
 *(.fini1)
 *(.fini1)
 *(.fini0)
 .fini0         0x00000a04        0x4 c:/users/20100/downloads/atmel setup_mtgesh gmbo/extensions/atmel/avrgcc/3.4.1.95/avrtoolchain/bin/../lib/gcc/avr/4.6.2/avr5\libgcc.a(_exit.o)
 *(.fini0)
                0x00000a08                _etext = .

.data           0x00800060       0x10 load address 0x00000a08
                0x00800060                PROVIDE (__data_start, .)
 *(.data)
 .data          0x00800060        0x0 c:/users/20100/downloads/atmel setup_mtgesh gmbo/extensions/atmel/avrgcc/3.4.1.95/avrtoolchain/bin/../lib/gcc/avr/4.6.2/../../../../avr/lib/avr5/crtm32.o
 .data          0x00800060        0x0 DIO.o
 .data          0x00800060       0x10 Electronic voting machine.o
 .data          0x00800070        0x0 LCD.o
 .data          0x00800070        0x0 push_button.o
 .data          0x00800070        0x0 c:/users/20100/downloads/atmel setup_mtgesh gmbo/extensions/atmel/avrgcc/3.4.1.95/avrtoolchain/bin/../lib/gcc/avr/4.6.2/avr5\libgcc.a(_udivmodqi4.o)
 .data          0x00800070        0x0 c:/users/20100/downloads/atmel setup_mtgesh gmbo/extensions/atmel/avrgcc/3.4.1.95/avrtoolchain/bin/../lib/gcc/avr/4.6.2/avr5\libgcc.a(_exit.o)
 .data          0x00800070        0x0 c:/users/20100/downloads/atmel setup_mtgesh gmbo/extensions/atmel/avrgcc/3.4.1.95/avrtoolchain/bin/../lib/gcc/avr/4.6.2/avr5\libgcc.a(_copy_data.o)
 .data          0x00800070        0x0 c:/users/20100/downloads/atmel setup_mtgesh gmbo/extensions/atmel/avrgcc/3.4.1.95/avrtoolchain/bin/../lib/gcc/avr/4.6.2/avr5\libgcc.a(_clear_bss.o)
 *(.data*)
 *(.rodata)
 *(.rodata*)
 *(.gnu.linkonce.d*)
                0x00800070                . = ALIGN (0x2)
                0x00800070                _edata = .
                0x00800070                PROVIDE (__data_end, .)

.bss            0x00800070        0x4
                0x00800070                PROVIDE (__bss_start, .)
 *(.bss)
 .bss           0x00800070        0x0 c:/users/20100/downloads/atmel setup_mtgesh gmbo/extensions/atmel/avrgcc/3.4.1.95/avrtoolchain/bin/../lib/gcc/avr/4.6.2/../../../../avr/lib/avr5/crtm32.o
 .bss           0x00800070        0x0 DIO.o
 .bss           0x00800070        0x4 Electronic voting machine.o
                0x00800070                counter4
                0x00800071                counter3
                0x00800072                counter2
                0x00800073                counter1
 .bss           0x00800074        0x0 LCD.o
 .bss           0x00800074        0x0 push_button.o
 .bss           0x00800074        0x0 c:/users/20100/downloads/atmel setup_mtgesh gmbo/extensions/atmel/avrgcc/3.4.1.95/avrtoolchain/bin/../lib/gcc/avr/4.6.2/avr5\libgcc.a(_udivmodqi4.o)
 .bss           0x00800074        0x0 c:/users/20100/downloads/atmel setup_mtgesh gmbo/extensions/atmel/avrgcc/3.4.1.95/avrtoolchain/bin/../lib/gcc/avr/4.6.2/avr5\libgcc.a(_exit.o)
 .bss           0x00800074        0x0 c:/users/20100/downloads/atmel setup_mtgesh gmbo/extensions/atmel/avrgcc/3.4.1.95/avrtoolchain/bin/../lib/gcc/avr/4.6.2/avr5\libgcc.a(_copy_data.o)
 .bss           0x00800074        0x0 c:/users/20100/downloads/atmel setup_mtgesh gmbo/extensions/atmel/avrgcc/3.4.1.95/avrtoolchain/bin/../lib/gcc/avr/4.6.2/avr5\libgcc.a(_clear_bss.o)
 *(.bss*)
 *(COMMON)
                0x00800074                PROVIDE (__bss_end, .)
                0x00000a08                __data_load_start = LOADADDR (.data)
                0x00000a18                __data_load_end = (__data_load_start + SIZEOF (.data))

.noinit         0x00800074        0x0
                0x00800074                PROVIDE (__noinit_start, .)
 *(.noinit*)
                0x00800074                PROVIDE (__noinit_end, .)
                0x00800074                _end = .
                0x00800074                PROVIDE (__heap_start, .)

.eeprom         0x00810000        0x0
 *(.eeprom*)
                0x00810000                __eeprom_end = .

.fuse
 *(.fuse)
 *(.lfuse)
 *(.hfuse)
 *(.efuse)

.lock
 *(.lock*)

.signature
 *(.signature*)

.stab           0x00000000      0x6cc
 *(.stab)
 .stab          0x00000000      0x6cc c:/users/20100/downloads/atmel setup_mtgesh gmbo/extensions/atmel/avrgcc/3.4.1.95/avrtoolchain/bin/../lib/gcc/avr/4.6.2/../../../../avr/lib/avr5/crtm32.o

.stabstr        0x00000000       0x85
 *(.stabstr)
 .stabstr       0x00000000       0x85 c:/users/20100/downloads/atmel setup_mtgesh gmbo/extensions/atmel/avrgcc/3.4.1.95/avrtoolchain/bin/../lib/gcc/avr/4.6.2/../../../../avr/lib/avr5/crtm32.o

.stab.excl
 *(.stab.excl)

.stab.exclstr
 *(.stab.exclstr)

.stab.index
 *(.stab.index)

.stab.indexstr
 *(.stab.indexstr)

.comment
 *(.comment)

.debug
 *(.debug)

.line
 *(.line)

.debug_srcinfo
 *(.debug_srcinfo)

.debug_sfnames
 *(.debug_sfnames)

.debug_aranges  0x00000000      0x100
 *(.debug_aranges)
 .debug_aranges
                0x00000000       0x20 DIO.o
 .debug_aranges
                0x00000020       0x20 Electronic voting machine.o
 .debug_aranges
                0x00000040       0x20 LCD.o
 .debug_aranges
                0x00000060       0x20 push_button.o
 .debug_aranges
                0x00000080       0x20 c:/users/20100/downloads/atmel setup_mtgesh gmbo/extensions/atmel/avrgcc/3.4.1.95/avrtoolchain/bin/../lib/gcc/avr/4.6.2/avr5\libgcc.a(_udivmodqi4.o)
 .debug_aranges
                0x000000a0       0x20 c:/users/20100/downloads/atmel setup_mtgesh gmbo/extensions/atmel/avrgcc/3.4.1.95/avrtoolchain/bin/../lib/gcc/avr/4.6.2/avr5\libgcc.a(_exit.o)
 .debug_aranges
                0x000000c0       0x20 c:/users/20100/downloads/atmel setup_mtgesh gmbo/extensions/atmel/avrgcc/3.4.1.95/avrtoolchain/bin/../lib/gcc/avr/4.6.2/avr5\libgcc.a(_copy_data.o)
 .debug_aranges
                0x000000e0       0x20 c:/users/20100/downloads/atmel setup_mtgesh gmbo/extensions/atmel/avrgcc/3.4.1.95/avrtoolchain/bin/../lib/gcc/avr/4.6.2/avr5\libgcc.a(_clear_bss.o)

.debug_pubnames
 *(.debug_pubnames)

.debug_info     0x00000000      0xc68
 *(.debug_info)
 .debug_info    0x00000000      0x28b DIO.o
 .debug_info    0x0000028b      0x19b Electronic voting machine.o
 .debug_info    0x00000426      0x401 LCD.o
 .debug_info    0x00000827       0xcd push_button.o
 .debug_info    0x000008f4       0xdd c:/users/20100/downloads/atmel setup_mtgesh gmbo/extensions/atmel/avrgcc/3.4.1.95/avrtoolchain/bin/../lib/gcc/avr/4.6.2/avr5\libgcc.a(_udivmodqi4.o)
 .debug_info    0x000009d1       0xdd c:/users/20100/downloads/atmel setup_mtgesh gmbo/extensions/atmel/avrgcc/3.4.1.95/avrtoolchain/bin/../lib/gcc/avr/4.6.2/avr5\libgcc.a(_exit.o)
 .debug_info    0x00000aae       0xdd c:/users/20100/downloads/atmel setup_mtgesh gmbo/extensions/atmel/avrgcc/3.4.1.95/avrtoolchain/bin/../lib/gcc/avr/4.6.2/avr5\libgcc.a(_copy_data.o)
 .debug_info    0x00000b8b       0xdd c:/users/20100/downloads/atmel setup_mtgesh gmbo/extensions/atmel/avrgcc/3.4.1.95/avrtoolchain/bin/../lib/gcc/avr/4.6.2/avr5\libgcc.a(_clear_bss.o)
 *(.gnu.linkonce.wi.*)

.debug_abbrev   0x00000000      0x3df
 *(.debug_abbrev)
 .debug_abbrev  0x00000000       0xb8 DIO.o
 .debug_abbrev  0x000000b8       0xef Electronic voting machine.o
 .debug_abbrev  0x000001a7      0x15c LCD.o
 .debug_abbrev  0x00000303       0x8c push_button.o
 .debug_abbrev  0x0000038f       0x14 c:/users/20100/downloads/atmel setup_mtgesh gmbo/extensions/atmel/avrgcc/3.4.1.95/avrtoolchain/bin/../lib/gcc/avr/4.6.2/avr5\libgcc.a(_udivmodqi4.o)
 .debug_abbrev  0x000003a3       0x14 c:/users/20100/downloads/atmel setup_mtgesh gmbo/extensions/atmel/avrgcc/3.4.1.95/avrtoolchain/bin/../lib/gcc/avr/4.6.2/avr5\libgcc.a(_exit.o)
 .debug_abbrev  0x000003b7       0x14 c:/users/20100/downloads/atmel setup_mtgesh gmbo/extensions/atmel/avrgcc/3.4.1.95/avrtoolchain/bin/../lib/gcc/avr/4.6.2/avr5\libgcc.a(_copy_data.o)
 .debug_abbrev  0x000003cb       0x14 c:/users/20100/downloads/atmel setup_mtgesh gmbo/extensions/atmel/avrgcc/3.4.1.95/avrtoolchain/bin/../lib/gcc/avr/4.6.2/avr5\libgcc.a(_clear_bss.o)

.debug_line     0x00000000      0x7bf
 *(.debug_line)
 .debug_line    0x00000000      0x152 DIO.o
 .debug_line    0x00000152      0x1db Electronic voting machine.o
 .debug_line    0x0000032d      0x217 LCD.o
 .debug_line    0x00000544       0x42 push_button.o
 .debug_line    0x00000586       0x92 c:/users/20100/downloads/atmel setup_mtgesh gmbo/extensions/atmel/avrgcc/3.4.1.95/avrtoolchain/bin/../lib/gcc/avr/4.6.2/avr5\libgcc.a(_udivmodqi4.o)
 .debug_line    0x00000618       0x88 c:/users/20100/downloads/atmel setup_mtgesh gmbo/extensions/atmel/avrgcc/3.4.1.95/avrtoolchain/bin/../lib/gcc/avr/4.6.2/avr5\libgcc.a(_exit.o)
 .debug_line    0x000006a0       0x91 c:/users/20100/downloads/atmel setup_mtgesh gmbo/extensions/atmel/avrgcc/3.4.1.95/avrtoolchain/bin/../lib/gcc/avr/4.6.2/avr5\libgcc.a(_copy_data.o)
 .debug_line    0x00000731       0x8e c:/users/20100/downloads/atmel setup_mtgesh gmbo/extensions/atmel/avrgcc/3.4.1.95/avrtoolchain/bin/../lib/gcc/avr/4.6.2/avr5\libgcc.a(_clear_bss.o)

.debug_frame    0x00000000      0x18c
 *(.debug_frame)
 .debug_frame   0x00000000       0xa4 DIO.o
 .debug_frame   0x000000a4       0x24 Electronic voting machine.o
 .debug_frame   0x000000c8       0x90 LCD.o
 .debug_frame   0x00000158       0x34 push_button.o

.debug_str      0x00000000      0x2f7
 *(.debug_str)
 .debug_str     0x00000000      0x1a1 DIO.o
                                0x1e5 (size before relaxing)
 .debug_str     0x000001a1       0xa6 Electronic voting machine.o
                                0x1a3 (size before relaxing)
 .debug_str     0x00000247       0x83 LCD.o
                                0x1e1 (size before relaxing)
 .debug_str     0x000002ca       0x2d push_button.o
                                 0xfe (size before relaxing)

.debug_loc      0x00000000      0x632
 *(.debug_loc)
 .debug_loc     0x00000000      0x4f7 DIO.o
 .debug_loc     0x000004f7       0xef LCD.o
 .debug_loc     0x000005e6       0x4c push_button.o

.debug_macinfo
 *(.debug_macinfo)
OUTPUT(Electronic voting machine.elf elf32-avr)
LOAD linker stubs
